<html>
<body>
<pre>
<h1>礦ision Build Log</h1>
<h2>Tool Versions:</h2>
IDE-Version: μVision V5.36.0.0
Copyright (C) 2021 ARM Ltd and ARM Germany GmbH. All rights reserved.
License Information: Qianxy Shea-, Qianxy, LIC=PE7DL-078HW-QDZKD-8XLMB-ZGP99-DI7GD
 
Tool Versions:
Toolchain:       MDK-ARM Plus  Version: 5.36.0.0
Toolchain Path:  C:\Keil_v5\ARM\ARMCC\Bin
C Compiler:      Armcc.exe V5.06 update 7 (build 960)
Assembler:       Armasm.exe V5.06 update 7 (build 960)
Linker/Locator:  ArmLink.exe V5.06 update 7 (build 960)
Library Manager: ArmAr.exe V5.06 update 7 (build 960)
Hex Converter:   FromElf.exe V5.06 update 7 (build 960)
CPU DLL:         SARMCM3.DLL V5.36.0.0
Dialog DLL:      DARMCM1.DLL V1.19.4.0
Target DLL:      CMSIS_AGDI.dll V1.33.0.0
Dialog DLL:      TARMCM1.DLL V1.14.4.0
 
<h2>Project:</h2>
C:\Users\Shea-\Desktop\HT32F52352开发板资料v1.1\2、开发板源代码\15、DHT11温湿度传感器实验\USER\project.uvprojx
Project File Date:  04/05/2022

<h2>Output:</h2>
*** Using Compiler 'V5.06 update 7 (build 960)', folder: 'C:\Keil_v5\ARM\ARMCC\Bin'
Build target 'Target 1'
compiling main.c...
main.c(39): warning:  #111-D: statement is unreachable
  	LCD_ShowString(40,100,200,16,16,(u8*)"Temperature:   C");	
main.c: 1 warning, 0 errors
linking...
Program Size: Code=4576 RO-data=2692 RW-data=16 ZI-data=728  
"..\OBJ\project.axf" - 0 Error(s), 1 Warning(s).

<h2>Software Packages used:</h2>

Package Vendor: Holtek
                http://mcu.holtek.com.tw/pack/Holtek.HT32_DFP.1.0.36.pack
                Holtek.HT32_DFP.1.0.36
                Holtek HT32 Family Support

<h2>Collection of Component include folders:</h2>
  C:\Users\Shea-\AppData\Local\Arm\Packs\Holtek\HT32_DFP\1.0.36\ARM\INC\Holtek\HT32F5xxxx

<h2>Collection of Component Files used:</h2>
Build Time Elapsed:  00:00:01
</pre>
</body>
</html>
