<html>
<body>
<pre>
<h1>礦ision Build Log</h1>
<h2>Tool Versions:</h2>
IDE-Version: μVision V5.39.0.0
Copyright (C) 2023 ARM Ltd and ARM Germany GmbH. All rights reserved.
License Information: 1 1, 1, LIC=YA39H-WIN6P-01TP1-CMT1U-TP517-5RZR5
 
Tool Versions:
Toolchain:       MDK-ARM Plus  Version: 5.39.0.0
Toolchain Path:  D:\keil\keil5_MDK\ARM\ARMCC\Bin
C Compiler:      Armcc.exe V5.06 update 7 (build 960)
Assembler:       Armasm.exe V5.06 update 7 (build 960)
Linker/Locator:  ArmLink.exe V5.06 update 7 (build 960)
Library Manager: ArmAr.exe V5.06 update 7 (build 960)
Hex Converter:   FromElf.exe V5.06 update 7 (build 960)
CPU DLL:         SARMCM3.DLL V5.39.0.0
Dialog DLL:      DARMCM1.DLL V1.19.6.0
Target DLL:      CMSIS_AGDI.dll V1.33.16.0
Dialog DLL:      TARMCM1.DLL V1.14.6.0
 
<h2>Project:</h2>
E:\MCU\HT资料\历程\HT32F52352开发板资料v1.1\2、开发板源代码\3、按键实验\USER\project.uvprojx
Project File Date:  05/16/2024

<h2>Output:</h2>
*** Using Compiler 'V5.06 update 7 (build 960)', folder: 'D:\keil\keil5_MDK\ARM\ARMCC\Bin'
Build target 'Target 1'
assembling startup_ht32f5xxxx_01.s...
compiling beep.c...
compiling main.c...
compiling system_ht32f5xxxx_01.c...
compiling led.c...
compiling delay.c...
compiling ht32f5xxxx_01_it.c...
compiling ht32f5xxxx_adc.c...
compiling key.c...
compiling ht32_cm0plus_misc.c...
compiling ht32f5xxxx_bftm.c...
compiling ht32f5xxxx_ckcu.c...
compiling ht32f5xxxx_cmp.c...
compiling ht32f5xxxx_crc.c...
compiling ht32f5xxxx_ebi.c...
compiling ht32f5xxxx_mctm.c...
compiling ht32f5xxxx_exti.c...
compiling ht32f5xxxx_flash.c...
compiling ht32f5xxxx_gpio.c...
compiling ht32f5xxxx_rstcu.c...
compiling ht32f5xxxx_pdma.c...
compiling ht32f5xxxx_i2s.c...
compiling ht32f5xxxx_i2c.c...
compiling ht32f5xxxx_pwrcu.c...
compiling ht32f5xxxx_rtc.c...
compiling ht32f5xxxx_sci.c...
compiling ht32f5xxxx_spi.c...
compiling ht32f5xxxx_usart.c...
compiling ht32f5xxxx_usbd.c...
compiling ht32f5xxxx_tm.c...
compiling ht32f5xxxx_wdt.c...
linking...
Program Size: Code=2780 RO-data=32 RW-data=24 ZI-data=608  
"..\OBJ\project.axf" - 0 Error(s), 0 Warning(s).

<h2>Software Packages used:</h2>

Package Vendor: Holtek
                http://mcu.holtek.com.tw/pack/Holtek.HT32_DFP.1.0.32.pack
                Holtek::HT32_DFP@1.0.32
                Holtek HT32 Family Support

<h2>Collection of Component include folders:</h2>
  D:/keil/keil5_MDK/ARM/Packs/Holtek/HT32_DFP/1.0.32/ARM/INC/Holtek/HT32F5xxxx

<h2>Collection of Component Files used:</h2>
Build Time Elapsed:  00:00:01
</pre>
</body>
</html>
