<html>
<body>
<pre>
<h1>礦ision Build Log</h1>
<h2>Tool Versions:</h2>
IDE-Version: μVision V5.24.2.0
Copyright (C) 2017 ARM Ltd and ARM Germany GmbH. All rights reserved.
License Information: CYFS ASUS, 3, LIC=9WSKC-7HCV0-TGY7T-R07ZM-F48UU-65S4M
 
Tool Versions:
Toolchain:       MDK-ARM Plus  Version: 5.24.1
Toolchain Path:  D:\keil\ARM\ARMCC\Bin
C Compiler:      Armcc.exe V5.06 update 5 (build 528)
Assembler:       Armasm.exe V5.06 update 5 (build 528)
Linker/Locator:  ArmLink.exe V5.06 update 5 (build 528)
Library Manager: ArmAr.exe V5.06 update 5 (build 528)
Hex Converter:   FromElf.exe V5.06 update 5 (build 528)
CPU DLL:         SARMCM3.DLL V5.24.1
Dialog DLL:      DARMCM1.DLL V1.18.0.0
Target DLL:      CMSIS_AGDI.dll V1.28.3.0
Dialog DLL:      TARMCM1.DLL V1.13.0.0
 
<h2>Project:</h2>
E:\HT资料\历程\HT32F52352开发板资料v1.1\2、开发板源代码\19、SPI FLASH存储实验\USER\project.uvprojx
Project File Date:  04/24/2023

<h2>Output:</h2>
*** Using Compiler 'V5.06 update 5 (build 528)', folder: 'D:\keil\ARM\ARMCC\Bin'
Build target 'Target 1'
assembling startup_ht32f5xxxx_01.s...
compiling flash.c...
compiling usart.c...
compiling key.c...
compiling delay.c...
compiling system_ht32f5xxxx_01.c...
compiling ht32f5xxxx_01_it.c...
compiling lcd.c...
compiling spi.c...
compiling ht32_cm0plus_misc.c...
compiling ht32f5xxxx_adc.c...
compiling main.c...
compiling ht32f5xxxx_bftm.c...
compiling ht32f5xxxx_ckcu.c...
compiling ht32f5xxxx_cmp.c...
compiling ht32f5xxxx_crc.c...
compiling ht32f5xxxx_ebi.c...
compiling ht32f5xxxx_exti.c...
compiling ht32f5xxxx_flash.c...
compiling ht32f5xxxx_gpio.c...
compiling ht32f5xxxx_i2c.c...
compiling ht32f5xxxx_mctm.c...
compiling ht32f5xxxx_i2s.c...
compiling ht32f5xxxx_pdma.c...
compiling ht32f5xxxx_rstcu.c...
compiling ht32f5xxxx_pwrcu.c...
compiling ht32f5xxxx_rtc.c...
compiling ht32f5xxxx_sci.c...
compiling ht32f5xxxx_usart.c...
compiling ht32f5xxxx_spi.c...
compiling ht32f5xxxx_wdt.c...
compiling ht32f5xxxx_tm.c...
compiling ht32f5xxxx_usbd.c...
linking...
Program Size: Code=7488 RO-data=2692 RW-data=24 ZI-data=4824  
"..\OBJ\project.axf" - 0 Error(s), 0 Warning(s).

<h2>Software Packages used:</h2>

Package Vendor: Holtek
                http://mcu.holtek.com.tw/pack/Holtek.HT32_DFP.1.0.32.pack
                Holtek.HT32_DFP.1.0.32
                Holtek HT32 Family Support

<h2>Collection of Component include folders:</h2>
  .\RTE\_Target_1
  D:\keil\ARM\PACK\Holtek\HT32_DFP\1.0.32\ARM\INC\Holtek\HT32F5xxxx

<h2>Collection of Component Files used:</h2>
Build Time Elapsed:  00:00:01
</pre>
</body>
</html>
