<html>
<body>
<pre>
<h1>礦ision Build Log</h1>
<h2>Tool Versions:</h2>
IDE-Version: μVision V5.38.0.0
Copyright (C) 2022 ARM Ltd and ARM Germany GmbH. All rights reserved.
License Information: cyfs ASUS, a, LIC=14HV2-91SE2-DYVV3-AGR5J-LQ26R-G10X7
 
Tool Versions:
Toolchain:       MDK-ARM Plus  Version: 5.38.0.0
Toolchain Path:  D:\Keil_v5\ARM\ARMCC\Bin
C Compiler:      Armcc.exe V5.05 update 1 (build 106)
Assembler:       Armasm.exe V5.05 update 1 (build 106)
Linker/Locator:  ArmLink.exe V5.05 update 1 (build 106)
Library Manager: ArmAr.exe V5.05 update 1 (build 106)
Hex Converter:   FromElf.exe V5.05 update 1 (build 106)
CPU DLL:         SARMCM3.DLL V5.38.0.0
Dialog DLL:      DARMCM1.DLL V1.19.6.0
Target DLL:      Segger\JL2CM3.dll V2.99.42.0
Dialog DLL:      TARMCM1.DLL V1.14.6.0
 
<h2>Project:</h2>
E:\3MCU\HT资料\历程\HT32F52352开发板资料v1.1\2、开发板源代码\28、FAT32文件系统(支持中文)实验\USER\project.uvprojx
Project File Date:  05/07/2023

<h2>Output:</h2>
*** Using Compiler 'V5.05 update 1 (build 106)', folder: 'D:\Keil_v5\ARM\ARMCC\Bin'
Rebuild target 'Target 1'
compiling system_ht32f5xxxx_01.c...
assembling startup_ht32f5xxxx_01.s...
compiling usart.c...
compiling delay.c...
compiling key.c...
compiling spi.c...
compiling ht32f5xxxx_01_it.c...
compiling flash.c...
compiling sd.c...
compiling main.c...
compiling ht32_cm0plus_misc.c...
compiling lcd.c...
compiling ht32f5xxxx_adc.c...
compiling ht32f5xxxx_bftm.c...
compiling ht32f5xxxx_cmp.c...
compiling ht32f5xxxx_ckcu.c...
compiling ht32f5xxxx_ebi.c...
compiling ht32f5xxxx_crc.c...
compiling ht32f5xxxx_flash.c...
compiling ht32f5xxxx_exti.c...
compiling ht32f5xxxx_gpio.c...
compiling ht32f5xxxx_i2c.c...
compiling ht32f5xxxx_mctm.c...
compiling ht32f5xxxx_i2s.c...
compiling ht32f5xxxx_pdma.c...
compiling ht32f5xxxx_rstcu.c...
compiling ht32f5xxxx_pwrcu.c...
compiling ht32f5xxxx_rtc.c...
compiling ht32f5xxxx_sci.c...
compiling ht32f5xxxx_spi.c...
compiling ht32f5xxxx_tm.c...
compiling ht32f5xxxx_usart.c...
compiling ht32f5xxxx_wdt.c...
compiling ht32f5xxxx_usbd.c...
compiling diskio.c...
compiling exfuns.c...
compiling mycc936.c...
compiling fattester.c...
compiling fontupd.c...
compiling text.c...
compiling ff.c...
linking...
Program Size: Code=23594 RO-data=3790 RW-data=76 ZI-data=13564  
"..\OBJ\project.axf" - 0 Error(s), 0 Warning(s).

<h2>Software Packages used:</h2>

Package Vendor: Holtek
                http://mcu.holtek.com.tw/pack/Holtek.HT32_DFP.1.0.32.pack
                Holtek.HT32_DFP.1.0.32
                Holtek HT32 Family Support

<h2>Collection of Component include folders:</h2>
  D:/Keil_v5/pack/Holtek/HT32_DFP/1.0.32/ARM/INC/Holtek/HT32F5xxxx

<h2>Collection of Component Files used:</h2>
Build Time Elapsed:  00:00:01
</pre>
</body>
</html>
